[en.savefrom.net/1-youtube-video-downloader-5/index.html]
[backblue.gif]
[fade.gif]
[index.html]
[sfstatic.net/build/css/styles.694496b5.css]
[sfstatic.net/js/libs/jquery-3.6.0.min.js]
[sfstatic.net/build/js/runtime.55f18717.js]
[en.savefrom.net/img/icon_100.png]
[sfstatic.net/build/js/vendor.802515f3.js]
[en.savefrom.net/js/libs/jquery-3.6.0.min.js]
[sfstatic.net/build/js/scripts.4c603e3e.js]
[sfstatic.net/build/js/gaControlTracker.a99fdc43.js]
[www.google-analytics.com/analytics.js]
[sfstatic.net/build/js/mainForm.ea692046.js]
[sfstatic.net/build/js/savefrom.d10e09e2.js]
[sfstatic.net/build/js/mainFormOutput.f2bdcb3c.js]
[sfstatic.net/build/js/jsTemplates.672f0660.js]
[sfstatic.net/build/js/basicMetricsTracking.ae207688.js]
[sfstatic.net/build/js/experimentLoader.6977f7ff.js]
[sfstatic.net/build/js/sfHelperDownloadBox.636568bf.js]
[sfstatic.net/build/js/sfHelperForArticles.ad7e8811.js]
[en.savefrom.net/1-youtube-video-downloader-5/index.html]
[sfstatic.net/build/js/lang_selector.d3a557d8.js]
[sfstatic.net/img/sprite_v2.png]
[sfstatic.net/img/logo_small23860.png]
[sfstatic.net/img/get250btn.png]
[sfstatic.net/build/img/lang-sprite.3ac73f1f.png]
[sfstatic.net/img/socials.png]
[sfstatic.net/img/body_bg3860.gif]
[sfstatic.net/img/favicons_v4.png]
[sfstatic.net/img/loading_a_64.gif]
[sfstatic.net/img/top_line_v2.png]
[sfstatic.net/img/top_line_2_v2.png]
[sfstatic.net/img/articles/logos/yt_com.png]
[sfstatic.net/img/slider_buttons.png]
[sfstatic.net/img/slider_pagination.png]
[sfstatic.net/img/green-btn-bg.png]
[sfstatic.net/img/green-btn-side.png]
[sfstatic.net/img/room.png]
[sfstatic.net/img/ummy_icon_16.png]
[sfstatic.net/img/wait.gif]
[sfstatic.net/img/btn-2/btn-2__icon_view_arrow-down.png]
[sfstatic.net/img/ext-attention/ext-attention__icon.png]
[sfstatic.net/img/ext-advice/ext-advice__icon.png]
[sfstatic.net/img/ext-advice/ext-advice__icon-yabro.png]
[sfstatic.net/img/arrows_v3.png]
[sfstatic.net/img/bg_diagonals.png]
[sfstatic.net/img/media_btn.png]
[sfstatic.net/img/video-thumb.png]
[sfstatic.net/img/no_audio_red.png]
[sfstatic.net/img/audio-thumb.png]
[sfstatic.net/img/file-thumb.png]
[sfstatic.net/img/favicons/thumb/filefactory_com.png]
[sfstatic.net/img/favicons/thumb/sendspace_com.png]
[sfstatic.net/img/extension/icon_new_174_2.png]
[sfstatic.net/img/uvd/icon_174_2.png]
[sfstatic.net/img/vdp/icon_72.png]
[sfstatic.net/img/download-result/arrow_view_extra.png]
[sfstatic.net/img/televzr/get-tz-app-bg.png]
[sfstatic.net/img/extension/icon_new_100.png]
[sfstatic.net/img/uvd/icon_100.png]
[sfstatic.net/img/extension/icon_new_64.png]
[sfstatic.net/img/uvd/icon_64.png]
[sfstatic.net/img/file-thumb-32.png]
[sfstatic.net/img/favicons/thumb/32/filefactory_com.png]
[sfstatic.net/img/favicons/thumb/32/sendspace_com.png]
[sfstatic.net/img/extension/icon_new_32.png]
[sfstatic.net/img/uvd/icon_32.png]
[sfstatic.net/img/arrow-right-new.png]
[sfstatic.net/img/sf-helper-round.png]
[sfstatic.net/img/logo_small33860.png]
[sfstatic.net/img/promo_en.png]
[sfstatic.net/img/promo_ru.png]
[sfstatic.net/img/promo_ar.png]
[sfstatic.net/img/extension/icon_32.png]
[sfstatic.net/img/install-btn-white.png]
[sfstatic.net/img/browser/chrome.png]
[sfstatic.net/img/browser/chromium.png]
[sfstatic.net/img/browser/firefox.png]
[sfstatic.net/img/browser/opera_v2.png]
[sfstatic.net/img/browser/opera_webkit.png]
[sfstatic.net/img/browser/safari.png]
[sfstatic.net/img/browser/yandex.png]
[sfstatic.net/img/browser/edge-chromium.png]
[sfstatic.net/img/os/windows.png]
[sfstatic.net/img/browser/user-js.png]
[sfstatic.net/img/extension/icon_64_2.png]
[sfstatic.net/img/android/hand.png]
[sfstatic.net/build/css/styles.694496b5.css]
